Assembly Listing
======================================================================
Addr     Machine Code         Source                                  
----------------------------------------------------------------------
0000     ---                  MODEL    small                          
0000     ---                  STACK    256                            
0000     ---                  CODE                                    
0000     ---                  MOV      CX, 5                          
0003     ---                  MOV      AX, 0                          
0006     ---                  MOV      BX, 0                          
0009     ---                  INC      BX                             
000A     ---                  ADD      AX, BX                         
000C     ---                  LOOP     sum_loop                       
000E     ---                  CALL     double_ax                      
0011     ---                  CMP      AX, 30                         
0015     ---                  JE       success                        
0017     ---                  MOV      DX, 0                          
001A     ---                  JMP      done                           
001D     ---                  MOV      DX, 1                          
0020     ---                  HLT                                     
0021     ---                  ADD      AX, AX                         
0023     ---                  RET                                     
0024     ---                  END      main                           
======================================================================